// Vitest Snapshot v1, https://vitest.dev/guide/snapshot.html

exports[`Checkout component > renders the Checkout component 1`] = `
<div>
  <h2
    class="_centerText_be7884"
  >
    Shopping Cart
  </h2>
  <main>
    <section
      class="_total_fa8560"
    >
      Cart is Empty!
    </section>
  </main>
</div>
`;
